TAP version 13
# Subtest: every native template handler exists
ok 1 - every native template handler exists
  ---
  duration_ms: 15.981172
  type: 'test'
  ...
# Subtest: memory job errors are handled and polling resumes on show
ok 2 - memory job errors are handled and polling resumes on show
  ---
  duration_ms: 2.062805
  type: 'test'
  ...
# Subtest: native care page exposes weather freshness and source independently of knowledge
ok 3 - native care page exposes weather freshness and source independently of knowledge
  ---
  duration_ms: 39.449936
  type: 'test'
  ...
# Subtest: new care and memory actions use distinct request keys
ok 4 - new care and memory actions use distinct request keys
  ---
  duration_ms: 3.872648
  type: 'test'
  ...
# Subtest: new low-confidence image clears previous candidate selection
ok 5 - new low-confidence image clears previous candidate selection
  ---
  duration_ms: 5.540028
  type: 'test'
  ...
# Subtest: the last explicit manual edit or candidate choice determines submitted species
ok 6 - the last explicit manual edit or candidate choice determines submitted species
  ---
  duration_ms: 2.136183
  type: 'test'
  ...
# Subtest: capture and recognition progress replace old candidates without changing manual input
not ok 7 - capture and recognition progress replace old candidates without changing manual input
  ---
  duration_ms: 4.713938
  type: 'test'
  location: '/root/flower/miniapp/tests/recognition.test.js:55:1'
  failureType: 'testCodeFailure'
  error: 'The "string" argument must be of type string. Received type undefined (undefined)'
  code: 'ERR_ASSERTION'
  name: 'AssertionError'
  expected:
  operator: 'match'
  stack: |-
    TestContext.<anonymous> (/root/flower/miniapp/tests/recognition.test.js:63:12)
    async Test.run (node:internal/test_runner/test:1054:7)
    async Test.processPendingSubtests (node:internal/test_runner/test:744:7)
  ...
# Subtest: pending and claimed never mean watering complete
ok 8 - pending and claimed never mean watering complete
  ---
  duration_ms: 1.614051
  type: 'test'
  ...
# Subtest: data coverage and demo sources stay visible
ok 9 - data coverage and demo sources stay visible
  ---
  duration_ms: 0.615099
  type: 'test'
  ...
# Subtest: uncertain status disables manual watering
ok 10 - uncertain status disables manual watering
  ---
  duration_ms: 0.325547
  type: 'test'
  ...
# Subtest: chart points retain time gaps and sources
ok 11 - chart points retain time gaps and sources
  ---
  duration_ms: 0.389573
  type: 'test'
  ...
# Subtest: weather preserves zero readings and distinguishes absent, stale and mismatched data
ok 12 - weather preserves zero readings and distinguishes absent, stale and mismatched data
  ---
  duration_ms: 33.430232
  type: 'test'
  ...
# Subtest: care card validity takes precedence over previous confirmation
ok 13 - care card validity takes precedence over previous confirmation
  ---
  duration_ms: 1.43067
  type: 'test'
  ...
1..13
# tests 13
# suites 0
# pass 12
# fail 1
# cancelled 0
# skipped 0
# todo 0
# duration_ms 448.588935
